Project Root: D:\Development\reliability_modeler
=========================================
  Reliability Modeler - Automated Tests  
=========================================
Current Location: D:\Development\reliability_modeler
Input CSV exists: True
Python 3.12.4

Cleaning output directory...

[TEST] Run with defaults
  [FAIL] Script returned exit code 1

[TEST] Run --help
  [PASS]

[TEST] Run with explicit CSV
  [FAIL] Script returned exit code 1

=========================================
  ALL TESTS PASSED
=========================================
